<?xml version="1.0" encoding="utf-8"?>
<?AutomationStudio Version="4.5.2.102"?>
<Objects>
  <Object
    Path="D:\DOCUMENTS\INSTITUT\AUTOMATION STUDIO\LAB_3\Lab3\Logical\Package.pkg"
    LogicalPath=""
    Type="Package.ParentUnknown"
    LastWriteTime="132535379047030526" />
  <Object
    Path="D:\DOCUMENTS\INSTITUT\AUTOMATION STUDIO\LAB_3\Lab3\Logical\Global.typ"
    LogicalPath="Global.typ"
    Type="File"
    LastWriteTime="131200402240000000"
    Private="false" />
  <Object
    Path="D:\DOCUMENTS\INSTITUT\AUTOMATION STUDIO\LAB_3\Lab3\Logical\Global.var"
    LogicalPath="Global.var"
    Type="File"
    LastWriteTime="132538060591633374"
    Private="false" />
  <Object
    Path="D:\DOCUMENTS\INSTITUT\AUTOMATION STUDIO\LAB_3\Lab3\Logical\Libraries\Package.pkg"
    LogicalPath="Libraries"
    Type="Package"
    LastWriteTime="132531950079150922" />
  <Object
    Path="D:\DOCUMENTS\INSTITUT\AUTOMATION STUDIO\LAB_3\Lab3\Logical\Libraries\Runtime\Binary.lby"
    LogicalPath="Libraries.Runtime"
    Type="Library"
    LastWriteTime="131091583340000000" />
  <Object
    Path="D:\DOCUMENTS\INSTITUT\AUTOMATION STUDIO\LAB_3\Lab3\Logical\Libraries\Runtime\runtime.fun"
    LogicalPath="Libraries.Runtime.runtime.fun"
    Type="File"
    LastWriteTime="131091583340000000"
    Private="false" />
  <Object
    Path="D:\DOCUMENTS\INSTITUT\AUTOMATION STUDIO\LAB_3\Lab3\Logical\Libraries\Runtime\runtime.typ"
    LogicalPath="Libraries.Runtime.runtime.typ"
    Type="File"
    LastWriteTime="131091583340000000"
    Private="false" />
  <Object
    Path="D:\DOCUMENTS\INSTITUT\AUTOMATION STUDIO\LAB_3\Lab3\Logical\Libraries\Runtime\runtime.var"
    LogicalPath="Libraries.Runtime.runtime.var"
    Type="File"
    LastWriteTime="131091583340000000"
    Private="false" />
  <Object
    Path="D:\DOCUMENTS\INSTITUT\AUTOMATION STUDIO\LAB_3\Lab3\Logical\Libraries\Operator\Binary.lby"
    LogicalPath="Libraries.Operator"
    Type="Library"
    LastWriteTime="131091583340000000" />
  <Object
    Path="D:\DOCUMENTS\INSTITUT\AUTOMATION STUDIO\LAB_3\Lab3\Logical\Libraries\Operator\operator.fun"
    LogicalPath="Libraries.Operator.operator.fun"
    Type="File"
    LastWriteTime="131091583340000000"
    Private="false" />
  <Object
    Path="D:\DOCUMENTS\INSTITUT\AUTOMATION STUDIO\LAB_3\Lab3\Logical\Libraries\Operator\operator.typ"
    LogicalPath="Libraries.Operator.operator.typ"
    Type="File"
    LastWriteTime="131091583340000000"
    Private="false" />
  <Object
    Path="D:\DOCUMENTS\INSTITUT\AUTOMATION STUDIO\LAB_3\Lab3\Logical\Libraries\Operator\operator.var"
    LogicalPath="Libraries.Operator.operator.var"
    Type="File"
    LastWriteTime="131091583340000000"
    Private="false" />
  <Object
    Path="D:\DOCUMENTS\INSTITUT\AUTOMATION STUDIO\LAB_3\Lab3\Logical\Libraries\AsIecCon\Binary.lby"
    LogicalPath="Libraries.AsIecCon"
    Type="Library"
    LastWriteTime="131091583340000000" />
  <Object
    Path="D:\DOCUMENTS\INSTITUT\AUTOMATION STUDIO\LAB_3\Lab3\Logical\Libraries\AsIecCon\AsIecCon.fun"
    LogicalPath="Libraries.AsIecCon.AsIecCon.fun"
    Type="File"
    LastWriteTime="131091583340000000"
    Private="false" />
  <Object
    Path="D:\DOCUMENTS\INSTITUT\AUTOMATION STUDIO\LAB_3\Lab3\Logical\Libraries\AsIecCon\AsIecCon.typ"
    LogicalPath="Libraries.AsIecCon.AsIecCon.typ"
    Type="File"
    LastWriteTime="131091583340000000"
    Private="false" />
  <Object
    Path="D:\DOCUMENTS\INSTITUT\AUTOMATION STUDIO\LAB_3\Lab3\Logical\Libraries\AsIecCon\AsIecCon.var"
    LogicalPath="Libraries.AsIecCon.AsIecCon.var"
    Type="File"
    LastWriteTime="131091583340000000"
    Private="false" />
  <Object
    Path="D:\DOCUMENTS\INSTITUT\AUTOMATION STUDIO\LAB_3\Lab3\Logical\Libraries\astime\Binary.lby"
    LogicalPath="Libraries.astime"
    Type="Library"
    LastWriteTime="131091583340000000" />
  <Object
    Path="D:\DOCUMENTS\INSTITUT\AUTOMATION STUDIO\LAB_3\Lab3\Logical\Libraries\astime\astime.fun"
    LogicalPath="Libraries.astime.astime.fun"
    Type="File"
    LastWriteTime="131091583340000000"
    Private="false" />
  <Object
    Path="D:\DOCUMENTS\INSTITUT\AUTOMATION STUDIO\LAB_3\Lab3\Logical\Libraries\astime\astime.typ"
    LogicalPath="Libraries.astime.astime.typ"
    Type="File"
    LastWriteTime="131091583340000000"
    Private="false" />
  <Object
    Path="D:\DOCUMENTS\INSTITUT\AUTOMATION STUDIO\LAB_3\Lab3\Logical\Libraries\astime\astime.var"
    LogicalPath="Libraries.astime.astime.var"
    Type="File"
    LastWriteTime="131091583340000000"
    Private="false" />
  <Object
    Path="D:\DOCUMENTS\INSTITUT\AUTOMATION STUDIO\LAB_3\Lab3\Logical\Libraries\sys_lib\Binary.lby"
    LogicalPath="Libraries.sys_lib"
    Type="Library"
    LastWriteTime="131194348100000000" />
  <Object
    Path="D:\DOCUMENTS\INSTITUT\AUTOMATION STUDIO\LAB_3\Lab3\Logical\Libraries\sys_lib\sys_lib.fun"
    LogicalPath="Libraries.sys_lib.sys_lib.fun"
    Type="File"
    LastWriteTime="131194348100000000"
    Private="false" />
  <Object
    Path="D:\DOCUMENTS\INSTITUT\AUTOMATION STUDIO\LAB_3\Lab3\Logical\Libraries\sys_lib\sys_lib.typ"
    LogicalPath="Libraries.sys_lib.sys_lib.typ"
    Type="File"
    LastWriteTime="131194348100000000"
    Private="false" />
  <Object
    Path="D:\DOCUMENTS\INSTITUT\AUTOMATION STUDIO\LAB_3\Lab3\Logical\Libraries\sys_lib\sys_lib.var"
    LogicalPath="Libraries.sys_lib.sys_lib.var"
    Type="File"
    LastWriteTime="131194348100000000"
    Private="false" />
  <Object
    Path="D:\DOCUMENTS\INSTITUT\AUTOMATION STUDIO\LAB_3\Lab3\Logical\Libraries\asstring\Binary.lby"
    LogicalPath="Libraries.asstring"
    Type="Library"
    LastWriteTime="131194348160000000" />
  <Object
    Path="D:\DOCUMENTS\INSTITUT\AUTOMATION STUDIO\LAB_3\Lab3\Logical\Libraries\asstring\asstring.fun"
    LogicalPath="Libraries.asstring.asstring.fun"
    Type="File"
    LastWriteTime="131194348160000000"
    Private="false" />
  <Object
    Path="D:\DOCUMENTS\INSTITUT\AUTOMATION STUDIO\LAB_3\Lab3\Logical\Libraries\asstring\asstring.typ"
    LogicalPath="Libraries.asstring.asstring.typ"
    Type="File"
    LastWriteTime="131194348160000000"
    Private="false" />
  <Object
    Path="D:\DOCUMENTS\INSTITUT\AUTOMATION STUDIO\LAB_3\Lab3\Logical\Libraries\asstring\asstring.var"
    LogicalPath="Libraries.asstring.asstring.var"
    Type="File"
    LastWriteTime="131194348160000000"
    Private="false" />
  <Object
    Path="D:\DOCUMENTS\INSTITUT\AUTOMATION STUDIO\LAB_3\Lab3\Logical\Libraries\Acp10man\Binary.lby"
    LogicalPath="Libraries.Acp10man"
    Type="Library"
    LastWriteTime="132531906661300519" />
  <Object
    Path="D:\DOCUMENTS\INSTITUT\AUTOMATION STUDIO\LAB_3\Lab3\Logical\Libraries\Acp10man\Acp10man.typ"
    LogicalPath="Libraries.Acp10man.Acp10man.typ"
    Type="File"
    LastWriteTime="132531906661280537"
    Private="false" />
  <Object
    Path="D:\DOCUMENTS\INSTITUT\AUTOMATION STUDIO\LAB_3\Lab3\Logical\Libraries\Acp10par\Binary.lby"
    LogicalPath="Libraries.Acp10par"
    Type="Library"
    LastWriteTime="132531906661881408" />
  <Object
    Path="D:\DOCUMENTS\INSTITUT\AUTOMATION STUDIO\LAB_3\Lab3\Logical\Libraries\Acp10par\Acp10par.var"
    LogicalPath="Libraries.Acp10par.Acp10par.var"
    Type="File"
    LastWriteTime="132531906661871415"
    Private="false" />
  <Object
    Path="D:\DOCUMENTS\INSTITUT\AUTOMATION STUDIO\LAB_3\Lab3\Logical\Libraries\NcGlobal\Binary.lby"
    LogicalPath="Libraries.NcGlobal"
    Type="Library"
    LastWriteTime="132531906662051255" />
  <Object
    Path="D:\DOCUMENTS\INSTITUT\AUTOMATION STUDIO\LAB_3\Lab3\Logical\Libraries\NcGlobal\NcGlobal.fun"
    LogicalPath="Libraries.NcGlobal.NcGlobal.fun"
    Type="File"
    LastWriteTime="132531906662011183"
    Private="false" />
  <Object
    Path="D:\DOCUMENTS\INSTITUT\AUTOMATION STUDIO\LAB_3\Lab3\Logical\Libraries\NcGlobal\NcGlobal.typ"
    LogicalPath="Libraries.NcGlobal.NcGlobal.typ"
    Type="File"
    LastWriteTime="132531906662021031"
    Private="false" />
  <Object
    Path="D:\DOCUMENTS\INSTITUT\AUTOMATION STUDIO\LAB_3\Lab3\Logical\Libraries\NcGlobal\NcGlobal.var"
    LogicalPath="Libraries.NcGlobal.NcGlobal.var"
    Type="File"
    LastWriteTime="132531906662040977"
    Private="false" />
  <Object
    Path="D:\DOCUMENTS\INSTITUT\AUTOMATION STUDIO\LAB_3\Lab3\Logical\Libraries\Acp10sdc\binary.lby"
    LogicalPath="Libraries.Acp10sdc"
    Type="Library"
    LastWriteTime="132531906865164178" />
  <Object
    Path="D:\DOCUMENTS\INSTITUT\AUTOMATION STUDIO\LAB_3\Lab3\Logical\Libraries\Acp10sdc\acp10sdc.var"
    LogicalPath="Libraries.Acp10sdc.acp10sdc.var"
    Type="File"
    LastWriteTime="132531906865144231"
    Private="false" />
  <Object
    Path="D:\DOCUMENTS\INSTITUT\AUTOMATION STUDIO\LAB_3\Lab3\Logical\Libraries\Acp10sdc\acp10sdc.typ"
    LogicalPath="Libraries.Acp10sdc.acp10sdc.typ"
    Type="File"
    LastWriteTime="132531906865164178"
    Private="false" />
  <Object
    Path="D:\DOCUMENTS\INSTITUT\AUTOMATION STUDIO\LAB_3\Lab3\Logical\Libraries\Acp10_MC\binary.lby"
    LogicalPath="Libraries.Acp10_MC"
    Type="Library"
    LastWriteTime="132531906875571192" />
  <Object
    Path="D:\DOCUMENTS\INSTITUT\AUTOMATION STUDIO\LAB_3\Lab3\Logical\Libraries\Acp10_MC\acp10_mc.fun"
    LogicalPath="Libraries.Acp10_MC.acp10_mc.fun"
    Type="File"
    LastWriteTime="132531906875531297"
    Private="false" />
  <Object
    Path="D:\DOCUMENTS\INSTITUT\AUTOMATION STUDIO\LAB_3\Lab3\Logical\Libraries\Acp10_MC\acp10_mc.typ"
    LogicalPath="Libraries.Acp10_MC.acp10_mc.typ"
    Type="File"
    LastWriteTime="132531906875551244"
    Private="false" />
  <Object
    Path="D:\DOCUMENTS\INSTITUT\AUTOMATION STUDIO\LAB_3\Lab3\Logical\Libraries\Acp10_MC\acp10_mc.var"
    LogicalPath="Libraries.Acp10_MC.acp10_mc.var"
    Type="File"
    LastWriteTime="132531906875571192"
    Private="false" />
  <Object
    Path="D:\DOCUMENTS\INSTITUT\AUTOMATION STUDIO\LAB_3\Lab3\Logical\Libraries\brsystem\binary.lby"
    LogicalPath="Libraries.brsystem"
    Type="Library"
    LastWriteTime="132531906876676957" />
  <Object
    Path="D:\DOCUMENTS\INSTITUT\AUTOMATION STUDIO\LAB_3\Lab3\Logical\Libraries\brsystem\brsystem.fun"
    LogicalPath="Libraries.brsystem.brsystem.fun"
    Type="File"
    LastWriteTime="132531906876466159"
    Private="false" />
  <Object
    Path="D:\DOCUMENTS\INSTITUT\AUTOMATION STUDIO\LAB_3\Lab3\Logical\Libraries\brsystem\brsystem.typ"
    LogicalPath="Libraries.brsystem.brsystem.typ"
    Type="File"
    LastWriteTime="132531906876505449"
    Private="false" />
  <Object
    Path="D:\DOCUMENTS\INSTITUT\AUTOMATION STUDIO\LAB_3\Lab3\Logical\Libraries\brsystem\brsystem.var"
    LogicalPath="Libraries.brsystem.brsystem.var"
    Type="File"
    LastWriteTime="132531906876657038"
    Private="false" />
  <Object
    Path="D:\DOCUMENTS\INSTITUT\AUTOMATION STUDIO\LAB_3\Lab3\Logical\Libraries\AsBrStr\binary.lby"
    LogicalPath="Libraries.AsBrStr"
    Type="Library"
    LastWriteTime="132531906888565774" />
  <Object
    Path="D:\DOCUMENTS\INSTITUT\AUTOMATION STUDIO\LAB_3\Lab3\Logical\Libraries\AsBrStr\AsBrStr.fun"
    LogicalPath="Libraries.AsBrStr.AsBrStr.fun"
    Type="File"
    LastWriteTime="132531906888525875"
    Private="false" />
  <Object
    Path="D:\DOCUMENTS\INSTITUT\AUTOMATION STUDIO\LAB_3\Lab3\Logical\Libraries\AsBrStr\AsBrStr.typ"
    LogicalPath="Libraries.AsBrStr.AsBrStr.typ"
    Type="File"
    LastWriteTime="132531906888545824"
    Private="false" />
  <Object
    Path="D:\DOCUMENTS\INSTITUT\AUTOMATION STUDIO\LAB_3\Lab3\Logical\Libraries\AsBrStr\AsBrStr.var"
    LogicalPath="Libraries.AsBrStr.AsBrStr.var"
    Type="File"
    LastWriteTime="132531906888555794"
    Private="false" />
  <Object
    Path="D:\DOCUMENTS\INSTITUT\AUTOMATION STUDIO\LAB_3\Lab3\Logical\Libraries\Acp10sim\binary.lby"
    LogicalPath="Libraries.Acp10sim"
    Type="Library"
    LastWriteTime="132531915487975595" />
  <Object
    Path="D:\DOCUMENTS\INSTITUT\AUTOMATION STUDIO\LAB_3\Lab3\Logical\Libraries\Acp10sim\acp10sim.var"
    LogicalPath="Libraries.Acp10sim.acp10sim.var"
    Type="File"
    LastWriteTime="132531915487955708"
    Private="false" />
  <Object
    Path="D:\DOCUMENTS\INSTITUT\AUTOMATION STUDIO\LAB_3\Lab3\Logical\Libraries\Acp10sim\acp10sim.typ"
    LogicalPath="Libraries.Acp10sim.acp10sim.typ"
    Type="File"
    LastWriteTime="132531915487975595"
    Private="false" />
  <Object
    Path="D:\DOCUMENTS\INSTITUT\AUTOMATION STUDIO\LAB_3\Lab3\Logical\Libraries\AsIOTime\binary.lby"
    LogicalPath="Libraries.AsIOTime"
    Type="Library"
    LastWriteTime="132531916687550868" />
  <Object
    Path="D:\DOCUMENTS\INSTITUT\AUTOMATION STUDIO\LAB_3\Lab3\Logical\Libraries\AsIOTime\AsIOTime.fun"
    LogicalPath="Libraries.AsIOTime.AsIOTime.fun"
    Type="File"
    LastWriteTime="132531916687401243"
    Private="false" />
  <Object
    Path="D:\DOCUMENTS\INSTITUT\AUTOMATION STUDIO\LAB_3\Lab3\Logical\Libraries\AsIOTime\AsIOTime.typ"
    LogicalPath="Libraries.AsIOTime.AsIOTime.typ"
    Type="File"
    LastWriteTime="132531916687460837"
    Private="false" />
  <Object
    Path="D:\DOCUMENTS\INSTITUT\AUTOMATION STUDIO\LAB_3\Lab3\Logical\Libraries\AsIOTime\AsIOTime.var"
    LogicalPath="Libraries.AsIOTime.AsIOTime.var"
    Type="File"
    LastWriteTime="132531916687521049"
    Private="false" />
  <Object
    Path="D:\DOCUMENTS\INSTITUT\AUTOMATION STUDIO\LAB_3\Lab3\Logical\Libraries\Library\ANSIC.lby"
    LogicalPath="Libraries.Library"
    Type="Library"
    LastWriteTime="132531952501681924" />
  <Object
    Path="D:\DOCUMENTS\INSTITUT\AUTOMATION STUDIO\LAB_3\Lab3\Logical\Libraries\Library\Types.typ"
    LogicalPath="Libraries.Library.Types.typ"
    Type="File"
    LastWriteTime="132532280766289228"
    Private="false" />
  <Object
    Path="D:\DOCUMENTS\INSTITUT\AUTOMATION STUDIO\LAB_3\Lab3\Logical\Libraries\Library\Constants.var"
    LogicalPath="Libraries.Library.Constants.var"
    Type="File"
    LastWriteTime="132531950078791922"
    Private="false" />
  <Object
    Path="D:\DOCUMENTS\INSTITUT\AUTOMATION STUDIO\LAB_3\Lab3\Logical\Libraries\Library\Library.fun"
    LogicalPath="Libraries.Library.Library.fun"
    Type="File"
    LastWriteTime="132538061463488842"
    Private="false" />
  <Object
    Path="D:\DOCUMENTS\INSTITUT\AUTOMATION STUDIO\LAB_3\Lab3\Logical\Libraries\Library\FB_Integrator.c"
    LogicalPath="Libraries.Library.FB_Integrator.c"
    Type="File"
    LastWriteTime="132531950078831773"
    Private="false" />
  <Object
    Path="D:\DOCUMENTS\INSTITUT\AUTOMATION STUDIO\LAB_3\Lab3\Logical\Libraries\Library\FB_Motor.c"
    LogicalPath="Libraries.Library.FB_Motor.c"
    Type="File"
    LastWriteTime="132531950078841745"
    Private="false" />
  <Object
    Path="D:\DOCUMENTS\INSTITUT\AUTOMATION STUDIO\LAB_3\Lab3\Logical\Libraries\Library\FB_Regulator.c"
    LogicalPath="Libraries.Library.FB_Regulator.c"
    Type="File"
    LastWriteTime="132531950078861975"
    Private="false" />
  <Object
    Path="D:\DOCUMENTS\INSTITUT\AUTOMATION STUDIO\LAB_3\Lab3\Logical\Libraries\Library\FB_Axis.c"
    LogicalPath="Libraries.Library.FB_Axis.c"
    Type="File"
    LastWriteTime="132538075784313317"
    Private="false" />
  <Object
    Path="D:\DOCUMENTS\INSTITUT\AUTOMATION STUDIO\LAB_3\Lab3\Logical\SDCAxisCtrlX\ANSIC.prg"
    LogicalPath="SDCAxisCtrlX"
    Type="Program"
    LastWriteTime="132527562226275657" />
  <Object
    Path="D:\DOCUMENTS\INSTITUT\AUTOMATION STUDIO\LAB_3\Lab3\Logical\SDCAxisCtrlX\Main.c"
    LogicalPath="SDCAxisCtrlX.Main.c"
    Type="File"
    LastWriteTime="132538075506411608"
    Private="false" />
  <Object
    Path="D:\DOCUMENTS\INSTITUT\AUTOMATION STUDIO\LAB_3\Lab3\Logical\SDCAxisCtrlX\Types.typ"
    LogicalPath="SDCAxisCtrlX.Types.typ"
    Type="File"
    LastWriteTime="132527562226205849"
    Private="true" />
  <Object
    Path="D:\DOCUMENTS\INSTITUT\AUTOMATION STUDIO\LAB_3\Lab3\Logical\SDCAxisCtrlX\Variables.var"
    LogicalPath="SDCAxisCtrlX.Variables.var"
    Type="File"
    LastWriteTime="132535378017618730"
    Private="true" />
  <Object
    Path="D:\DOCUMENTS\INSTITUT\AUTOMATION STUDIO\LAB_3\Lab3\Logical\ncsdcctrl\IEC.prg"
    LogicalPath="ncsdcctrl"
    Type="Program"
    LastWriteTime="132531906626575971" />
  <Object
    Path="D:\DOCUMENTS\INSTITUT\AUTOMATION STUDIO\LAB_3\Lab3\Logical\ncsdcctrl\ncsdcctrlCyclic.st"
    LogicalPath="ncsdcctrl.ncsdcctrlCyclic.st"
    Type="File"
    LastWriteTime="132538056939113352"
    Private="false" />
  <Object
    Path="D:\DOCUMENTS\INSTITUT\AUTOMATION STUDIO\LAB_3\Lab3\Logical\ncsdcctrl\ncsdcctrlInit.st"
    LogicalPath="ncsdcctrl.ncsdcctrlInit.st"
    Type="File"
    LastWriteTime="132538059283133913"
    Private="false" />
  <Object
    Path="D:\DOCUMENTS\INSTITUT\AUTOMATION STUDIO\LAB_3\Lab3\Logical\ncsdcctrl\ncsdcctrl.typ"
    LogicalPath="ncsdcctrl.ncsdcctrl.typ"
    Type="File"
    LastWriteTime="132531906638714504"
    Private="true" />
  <Object
    Path="D:\DOCUMENTS\INSTITUT\AUTOMATION STUDIO\LAB_3\Lab3\Logical\ncsdcctrl\ncsdcctrl.var"
    LogicalPath="ncsdcctrl.ncsdcctrl.var"
    Type="File"
    LastWriteTime="132531906638734457"
    Private="true" />
  <Object
    Path="D:\DOCUMENTS\INSTITUT\AUTOMATION STUDIO\LAB_3\Lab3\Logical\acp10etxen\Ett.dob"
    LogicalPath="acp10etxen"
    Type="DataObject"
    LastWriteTime="132531906858242712" />
  <Object
    Path="D:\DOCUMENTS\INSTITUT\AUTOMATION STUDIO\LAB_3\Lab3\Logical\acp10etxen\acp10etxen.ett"
    LogicalPath="acp10etxen.acp10etxen.ett"
    Type="File"
    LastWriteTime="132531906858831135"
    Private="false" />
  <Object
    Path="D:\DOCUMENTS\INSTITUT\AUTOMATION STUDIO\LAB_3\Lab3\Logical\gAxis01obj\Package.pkg"
    LogicalPath="gAxis01obj"
    Type="Package"
    LastWriteTime="132531931130464307" />
  <Object
    Path="D:\DOCUMENTS\INSTITUT\AUTOMATION STUDIO\LAB_3\Lab3\Logical\gAxis01obj\gAxis01a\Apt.dob"
    LogicalPath="gAxis01obj.gAxis01a"
    Type="DataObject"
    LastWriteTime="132531906892216007" />
  <Object
    Path="D:\DOCUMENTS\INSTITUT\AUTOMATION STUDIO\LAB_3\Lab3\Logical\gAxis01obj\gAxis01a\gAxis01a.apt"
    LogicalPath="gAxis01obj.gAxis01a.gAxis01a.apt"
    Type="File"
    LastWriteTime="132531933940017724"
    Private="false" />
  <Object
    Path="D:\DOCUMENTS\INSTITUT\AUTOMATION STUDIO\LAB_3\Lab3\Logical\gAxis01obj\gAxis01i\Ax.dob"
    LogicalPath="gAxis01obj.gAxis01i"
    Type="DataObject"
    LastWriteTime="132531906893539215" />
  <Object
    Path="D:\DOCUMENTS\INSTITUT\AUTOMATION STUDIO\LAB_3\Lab3\Logical\gAxis01obj\gAxis01i\gAxis01i.ax"
    LogicalPath="gAxis01obj.gAxis01i.gAxis01i.ax"
    Type="File"
    LastWriteTime="132531932257928734"
    Private="false" />
  <Object
    Path="D:\DOCUMENTS\INSTITUT\AUTOMATION STUDIO\LAB_3\Lab3\Physical\SampleText\Config.pkg"
    LogicalPath="SampleText"
    Type="Configuration.ParentUnknown"
    LastWriteTime="131194339020000000" />
  <Object
    Path="D:\DOCUMENTS\INSTITUT\AUTOMATION STUDIO\LAB_3\Lab3\Physical\SampleText\Hardware.hw"
    LogicalPath="SampleText.Hardware.hw"
    Type="File"
    LastWriteTime="132535499376700681"
    Private="false" />
  <Object
    Path="D:\DOCUMENTS\INSTITUT\AUTOMATION STUDIO\LAB_3\Lab3\Physical\SampleText\Hardware.hwl"
    LogicalPath="SampleText.Hardware.hwl"
    Type="File"
    LastWriteTime="132531948245149894"
    Private="false" />
  <Object
    Path="D:\DOCUMENTS\INSTITUT\AUTOMATION STUDIO\LAB_3\Lab3\Physical\SampleText\4PP065_0571_P74\Cpu.pkg"
    LogicalPath="SampleText.4PP065_0571_P74"
    Type="Cpu"
    LastWriteTime="132538050379786801" />
  <Object
    Path="D:\DOCUMENTS\INSTITUT\AUTOMATION STUDIO\LAB_3\Lab3\Physical\SampleText\4PP065_0571_P74\Cpu.sw"
    LogicalPath="SampleText.4PP065_0571_P74.Cpu.sw"
    Type="File"
    LastWriteTime="132535379047530298"
    Private="false" />
  <Object
    Path="D:\DOCUMENTS\INSTITUT\AUTOMATION STUDIO\LAB_3\Lab3\Physical\SampleText\4PP065_0571_P74\Cpu.per"
    LogicalPath="SampleText.4PP065_0571_P74.Cpu.per"
    Type="File"
    LastWriteTime="131194339000000000"
    Private="false" />
  <Object
    Path="D:\DOCUMENTS\INSTITUT\AUTOMATION STUDIO\LAB_3\Lab3\Physical\SampleText\4PP065_0571_P74\IoMap.iom"
    LogicalPath="SampleText.4PP065_0571_P74.IoMap.iom"
    Type="File"
    LastWriteTime="132538061144834748"
    Private="false" />
  <Object
    Path="D:\DOCUMENTS\INSTITUT\AUTOMATION STUDIO\LAB_3\Lab3\Physical\SampleText\4PP065_0571_P74\PvMap.vvm"
    LogicalPath="SampleText.4PP065_0571_P74.PvMap.vvm"
    Type="File"
    LastWriteTime="131194339000000000"
    Private="false" />
  <Object
    Path="D:\DOCUMENTS\INSTITUT\AUTOMATION STUDIO\LAB_3\Lab3\Physical\SampleText\4PP065_0571_P74\mapp\Package.pkg"
    LogicalPath="SampleText.4PP065_0571_P74.mapp"
    Type="Package"
    LastWriteTime="131194339000000000" />
  <Object
    Path="D:\DOCUMENTS\INSTITUT\AUTOMATION STUDIO\LAB_3\Lab3\Physical\SampleText\4PP065_0571_P74\Connectivity\Package.pkg"
    LogicalPath="SampleText.4PP065_0571_P74.Connectivity"
    Type="Package"
    LastWriteTime="131194339000000000" />
  <Object
    Path="D:\DOCUMENTS\INSTITUT\AUTOMATION STUDIO\LAB_3\Lab3\Physical\SampleText\4PP065_0571_P74\Connectivity\OpcUA\Package.pkg"
    LogicalPath="SampleText.4PP065_0571_P74.Connectivity.OpcUA"
    Type="Package"
    LastWriteTime="131194339000000000" />
  <Object
    Path="D:\DOCUMENTS\INSTITUT\AUTOMATION STUDIO\LAB_3\Lab3\Physical\SampleText\4PP065_0571_P74\TextSystem\Package.pkg"
    LogicalPath="SampleText.4PP065_0571_P74.TextSystem"
    Type="Package"
    LastWriteTime="131194339000000000" />
  <Object
    Path="D:\DOCUMENTS\INSTITUT\AUTOMATION STUDIO\LAB_3\Lab3\Physical\SampleText\4PP065_0571_P74\AccessAndSecurity\Package.pkg"
    LogicalPath="SampleText.4PP065_0571_P74.AccessAndSecurity"
    Type="Package"
    LastWriteTime="131194339000000000" />
  <Object
    Path="D:\DOCUMENTS\INSTITUT\AUTOMATION STUDIO\LAB_3\Lab3\Physical\SampleText\4PP065_0571_P74\AccessAndSecurity\UserRoleSystem\Package.pkg"
    LogicalPath="SampleText.4PP065_0571_P74.AccessAndSecurity.UserRoleSystem"
    Type="Package"
    LastWriteTime="131194339000000000" />
  <Object
    Path="D:\DOCUMENTS\INSTITUT\AUTOMATION STUDIO\LAB_3\Lab3\Physical\SampleText\4PP065_0571_P74\AccessAndSecurity\UserRoleSystem\Role.role"
    LogicalPath="SampleText.4PP065_0571_P74.AccessAndSecurity.UserRoleSystem.Role.role"
    Type="File"
    LastWriteTime="131194339000000000"
    Private="false" />
  <Object
    Path="D:\DOCUMENTS\INSTITUT\AUTOMATION STUDIO\LAB_3\Lab3\Physical\SampleText\4PP065_0571_P74\AccessAndSecurity\UserRoleSystem\User.user"
    LogicalPath="SampleText.4PP065_0571_P74.AccessAndSecurity.UserRoleSystem.User.user"
    Type="File"
    LastWriteTime="131194339000000000"
    Private="false" />
  <Object
    Path="D:\DOCUMENTS\INSTITUT\AUTOMATION STUDIO\LAB_3\Lab3\Physical\SampleText\4PP065_0571_P74\AccessAndSecurity\CertificateStore\Package.pkg"
    LogicalPath="SampleText.4PP065_0571_P74.AccessAndSecurity.CertificateStore"
    Type="Package"
    LastWriteTime="131194339000000000" />
  <Object
    Path="D:\DOCUMENTS\INSTITUT\AUTOMATION STUDIO\LAB_3\Lab3\Physical\SampleText\4PP065_0571_P74\AccessAndSecurity\CertificateStore\OwnCertificates\Package.pkg"
    LogicalPath="SampleText.4PP065_0571_P74.AccessAndSecurity.CertificateStore.OwnCertificates"
    Type="Package"
    LastWriteTime="131194339000000000" />
  <Object
    Path="D:\DOCUMENTS\INSTITUT\AUTOMATION STUDIO\LAB_3\Lab3\Physical\SampleText\4PP065_0571_P74\AccessAndSecurity\CertificateStore\OwnCertificates\Certificates\Package.pkg"
    LogicalPath="SampleText.4PP065_0571_P74.AccessAndSecurity.CertificateStore.OwnCertificates.Certificates"
    Type="Package"
    LastWriteTime="131194339000000000" />
  <Object
    Path="D:\DOCUMENTS\INSTITUT\AUTOMATION STUDIO\LAB_3\Lab3\Physical\SampleText\4PP065_0571_P74\AccessAndSecurity\CertificateStore\OwnCertificates\PrivateKeys\Package.pkg"
    LogicalPath="SampleText.4PP065_0571_P74.AccessAndSecurity.CertificateStore.OwnCertificates.PrivateKeys"
    Type="Package"
    LastWriteTime="131194339000000000" />
  <Object
    Path="D:\DOCUMENTS\INSTITUT\AUTOMATION STUDIO\LAB_3\Lab3\Physical\SampleText\4PP065_0571_P74\AccessAndSecurity\CertificateStore\ThirdPartyCertificates\Package.pkg"
    LogicalPath="SampleText.4PP065_0571_P74.AccessAndSecurity.CertificateStore.ThirdPartyCertificates"
    Type="Package"
    LastWriteTime="131194339000000000" />
  <Object
    Path="D:\DOCUMENTS\INSTITUT\AUTOMATION STUDIO\LAB_3\Lab3\Physical\SampleText\4PP065_0571_P74\AccessAndSecurity\CertificateStore\ThirdPartyCertificates\SoftwareCertificates\Package.pkg"
    LogicalPath="SampleText.4PP065_0571_P74.AccessAndSecurity.CertificateStore.ThirdPartyCertificates.SoftwareCertificates"
    Type="Package"
    LastWriteTime="131194339000000000" />
  <Object
    Path="D:\DOCUMENTS\INSTITUT\AUTOMATION STUDIO\LAB_3\Lab3\Physical\SampleText\4PP065_0571_P74\AccessAndSecurity\CertificateStore\CertificateRevocationLists\Package.pkg"
    LogicalPath="SampleText.4PP065_0571_P74.AccessAndSecurity.CertificateStore.CertificateRevocationLists"
    Type="Package"
    LastWriteTime="131194339000000000" />
  <Object
    Path="D:\DOCUMENTS\INSTITUT\AUTOMATION STUDIO\LAB_3\Lab3\Physical\SampleText\4PP065_0571_P74\AccessAndSecurity\CertificateStore\CertificateSigningRequests\Package.pkg"
    LogicalPath="SampleText.4PP065_0571_P74.AccessAndSecurity.CertificateStore.CertificateSigningRequests"
    Type="Package"
    LastWriteTime="131194339000000000" />
  <Object
    Path="D:\DOCUMENTS\INSTITUT\AUTOMATION STUDIO\LAB_3\Lab3\Physical\SampleText\4PP065_0571_P74\AccessAndSecurity\TransportLayerSecurity\Package.pkg"
    LogicalPath="SampleText.4PP065_0571_P74.AccessAndSecurity.TransportLayerSecurity"
    Type="Package"
    LastWriteTime="131194339000000000" />
  <Object
    Path="D:\DOCUMENTS\INSTITUT\AUTOMATION STUDIO\LAB_3\Lab3\Physical\SampleText\4PP065_0571_P74\Motion\Package.pkg"
    LogicalPath="SampleText.4PP065_0571_P74.Motion"
    Type="Package"
    LastWriteTime="132531937246250137" />
  <Object
    Path="D:\DOCUMENTS\INSTITUT\AUTOMATION STUDIO\LAB_3\Lab3\Physical\SampleText\4PP065_0571_P74\Motion\Acp10map.ncm"
    LogicalPath="SampleText.4PP065_0571_P74.Motion.Acp10map.ncm"
    Type="File"
    LastWriteTime="132538049266221077"
    Private="false" />
  <Object
    Path="D:\DOCUMENTS\INSTITUT\AUTOMATION STUDIO\LAB_3\Lab3\Physical\SampleText\4PP065_0571_P74\Motion\Acp10cfg.ncc"
    LogicalPath="SampleText.4PP065_0571_P74.Motion.Acp10cfg.ncc"
    Type="File"
    LastWriteTime="132531906857873966"
    Private="false" />
  <Object
    Path="D:\DOCUMENTS\INSTITUT\AUTOMATION STUDIO\LAB_3\Lab3\Physical\SampleText\4PP065_0571_P74\Motion\Acp10sys.br"
    LogicalPath="SampleText.4PP065_0571_P74.Motion.Acp10sys.br"
    Type="File"
    LastWriteTime="132531906667928981"
    Private="false" />
  <Object
    Path="D:\DOCUMENTS\INSTITUT\AUTOMATION STUDIO\LAB_3\Lab3\Physical\SampleText\4PP065_0571_P74\Motion\Acp10map1.ncm"
    LogicalPath="SampleText.4PP065_0571_P74.Motion.Acp10map1.ncm"
    Type="File"
    LastWriteTime="132535498288194729"
    Private="false" />
  <Object
    Path="D:\DOCUMENTS\INSTITUT\AUTOMATION STUDIO\LAB_3\Lab3\Physical\SampleText\Hardware.jpg"
    LogicalPath="SampleText.Hardware.jpg"
    Type="File"
    LastWriteTime="132535483626155185"
    Private="false" />
</Objects>