D:\DOCUMENTS\INSTITUT\AUTOMATION STUDIO\LAB_3\Lab3\Logical\Global.typ
D:\DOCUMENTS\INSTITUT\AUTOMATION STUDIO\LAB_3\Lab3\Logical\Global.var
D:\DOCUMENTS\INSTITUT\AUTOMATION STUDIO\LAB_3\Lab3\Logical\Libraries\Runtime\runtime.fun
D:\DOCUMENTS\INSTITUT\AUTOMATION STUDIO\LAB_3\Lab3\Logical\Libraries\Runtime\runtime.typ
D:\DOCUMENTS\INSTITUT\AUTOMATION STUDIO\LAB_3\Lab3\Logical\Libraries\Runtime\runtime.var
D:\DOCUMENTS\INSTITUT\AUTOMATION STUDIO\LAB_3\Lab3\Logical\Libraries\Operator\operator.fun
D:\DOCUMENTS\INSTITUT\AUTOMATION STUDIO\LAB_3\Lab3\Logical\Libraries\Operator\operator.typ
D:\DOCUMENTS\INSTITUT\AUTOMATION STUDIO\LAB_3\Lab3\Logical\Libraries\Operator\operator.var
D:\DOCUMENTS\INSTITUT\AUTOMATION STUDIO\LAB_3\Lab3\Logical\Libraries\AsIecCon\AsIecCon.fun
D:\DOCUMENTS\INSTITUT\AUTOMATION STUDIO\LAB_3\Lab3\Logical\Libraries\AsIecCon\AsIecCon.typ
D:\DOCUMENTS\INSTITUT\AUTOMATION STUDIO\LAB_3\Lab3\Logical\Libraries\AsIecCon\AsIecCon.var
D:\DOCUMENTS\INSTITUT\AUTOMATION STUDIO\LAB_3\Lab3\Logical\Libraries\astime\astime.fun
D:\DOCUMENTS\INSTITUT\AUTOMATION STUDIO\LAB_3\Lab3\Logical\Libraries\astime\astime.typ
D:\DOCUMENTS\INSTITUT\AUTOMATION STUDIO\LAB_3\Lab3\Logical\Libraries\astime\astime.var
D:\DOCUMENTS\INSTITUT\AUTOMATION STUDIO\LAB_3\Lab3\Logical\Libraries\sys_lib\sys_lib.fun
D:\DOCUMENTS\INSTITUT\AUTOMATION STUDIO\LAB_3\Lab3\Logical\Libraries\sys_lib\sys_lib.typ
D:\DOCUMENTS\INSTITUT\AUTOMATION STUDIO\LAB_3\Lab3\Logical\Libraries\sys_lib\sys_lib.var
D:\DOCUMENTS\INSTITUT\AUTOMATION STUDIO\LAB_3\Lab3\Logical\Libraries\asstring\asstring.fun
D:\DOCUMENTS\INSTITUT\AUTOMATION STUDIO\LAB_3\Lab3\Logical\Libraries\asstring\asstring.typ
D:\DOCUMENTS\INSTITUT\AUTOMATION STUDIO\LAB_3\Lab3\Logical\Libraries\asstring\asstring.var
D:\DOCUMENTS\INSTITUT\AUTOMATION STUDIO\LAB_3\Lab3\Logical\Libraries\Acp10man\Acp10man.typ
D:\DOCUMENTS\INSTITUT\AUTOMATION STUDIO\LAB_3\Lab3\Logical\Libraries\Acp10par\Acp10par.var
D:\DOCUMENTS\INSTITUT\AUTOMATION STUDIO\LAB_3\Lab3\Logical\Libraries\NcGlobal\NcGlobal.fun
D:\DOCUMENTS\INSTITUT\AUTOMATION STUDIO\LAB_3\Lab3\Logical\Libraries\NcGlobal\NcGlobal.typ
D:\DOCUMENTS\INSTITUT\AUTOMATION STUDIO\LAB_3\Lab3\Logical\Libraries\NcGlobal\NcGlobal.var
D:\DOCUMENTS\INSTITUT\AUTOMATION STUDIO\LAB_3\Lab3\Logical\Libraries\Acp10sdc\acp10sdc.var
D:\DOCUMENTS\INSTITUT\AUTOMATION STUDIO\LAB_3\Lab3\Logical\Libraries\Acp10sdc\acp10sdc.typ
D:\DOCUMENTS\INSTITUT\AUTOMATION STUDIO\LAB_3\Lab3\Logical\Libraries\Acp10_MC\acp10_mc.fun
D:\DOCUMENTS\INSTITUT\AUTOMATION STUDIO\LAB_3\Lab3\Logical\Libraries\Acp10_MC\acp10_mc.typ
D:\DOCUMENTS\INSTITUT\AUTOMATION STUDIO\LAB_3\Lab3\Logical\Libraries\Acp10_MC\acp10_mc.var
D:\DOCUMENTS\INSTITUT\AUTOMATION STUDIO\LAB_3\Lab3\Logical\Libraries\brsystem\brsystem.fun
D:\DOCUMENTS\INSTITUT\AUTOMATION STUDIO\LAB_3\Lab3\Logical\Libraries\brsystem\brsystem.typ
D:\DOCUMENTS\INSTITUT\AUTOMATION STUDIO\LAB_3\Lab3\Logical\Libraries\brsystem\brsystem.var
D:\DOCUMENTS\INSTITUT\AUTOMATION STUDIO\LAB_3\Lab3\Logical\Libraries\AsBrStr\AsBrStr.fun
D:\DOCUMENTS\INSTITUT\AUTOMATION STUDIO\LAB_3\Lab3\Logical\Libraries\AsBrStr\AsBrStr.typ
D:\DOCUMENTS\INSTITUT\AUTOMATION STUDIO\LAB_3\Lab3\Logical\Libraries\AsBrStr\AsBrStr.var
D:\DOCUMENTS\INSTITUT\AUTOMATION STUDIO\LAB_3\Lab3\Logical\Libraries\Acp10sim\acp10sim.var
D:\DOCUMENTS\INSTITUT\AUTOMATION STUDIO\LAB_3\Lab3\Logical\Libraries\Acp10sim\acp10sim.typ
D:\DOCUMENTS\INSTITUT\AUTOMATION STUDIO\LAB_3\Lab3\Logical\Libraries\AsIOTime\AsIOTime.fun
D:\DOCUMENTS\INSTITUT\AUTOMATION STUDIO\LAB_3\Lab3\Logical\Libraries\AsIOTime\AsIOTime.typ
D:\DOCUMENTS\INSTITUT\AUTOMATION STUDIO\LAB_3\Lab3\Logical\Libraries\AsIOTime\AsIOTime.var
D:\DOCUMENTS\INSTITUT\AUTOMATION STUDIO\LAB_3\Lab3\Logical\Libraries\Library\Types.typ
D:\DOCUMENTS\INSTITUT\AUTOMATION STUDIO\LAB_3\Lab3\Logical\Libraries\Library\Constants.var
D:\DOCUMENTS\INSTITUT\AUTOMATION STUDIO\LAB_3\Lab3\Logical\Libraries\Library\Library.fun
